// Jest Snapshot v1, https://goo.gl/fbAQLP

exports[`App renders correctly 1`] = `
<DocumentFragment>
  <div
    class="App"
  >
    <h1>
      , 
    </h1>
    <input
      class="searchCity"
      placeholder="Search city..."
      type="text"
      value=""
    />
    <br />
    <button
      class="searchButton"
    >
      Search
    </button>
    <div
      class="ForecastSummaries"
    />
  </div>
</DocumentFragment>
`;
